#-----------------------------------------------------------
# Vivado v2020.2 (64-bit)
# SW Build 3064766 on Wed Nov 18 09:12:45 MST 2020
# IP Build 3064653 on Wed Nov 18 14:17:31 MST 2020
# Start of session at: Tue Jan 25 15:02:17 2022
# Process ID: 2104
# Current directory: C:/Users/ylu5/project_2
# Command line: vivado.exe -gui_launcher_event rodinguilauncherevent6824 C:\Users\ylu5\project_2\project_2.xpr
# Log file: C:/Users/ylu5/project_2/vivado.log
# Journal file: C:/Users/ylu5/project_2\vivado.jou
#-----------------------------------------------------------
start_gui
open_project C:/Users/ylu5/project_2/project_2.xpr
update_compile_order -fileset sources_1
close [ open C:/Users/ylu5/project_2/project_2.srcs/sources_1/new/negate.v w ]
add_files C:/Users/ylu5/project_2/project_2.srcs/sources_1/new/negate.v
update_compile_order -fileset sources_1
update_compile_order -fileset sources_1
launch_runs synth_1 -jobs 4
wait_on_run synth_1
reset_run synth_1
launch_runs synth_1 -jobs 4
wait_on_run synth_1
reset_run synth_1
launch_runs synth_1 -jobs 4
wait_on_run synth_1
launch_simulation
